nohup: ignoring input
Multifeature Problem: OR(AND(circle,A), AND(!triangle, B)); TRAINING =   ; INPUT =  tab ; OUT_SIZE =  1 ; WTS =  single ; TEMP_FREEZE =  False
*** LR =  0.001 ; WD =  0.001 ; IMG_FTS =  0 ; TAB_FTS =  1  ***
#0: train loss = 0.65517; val loss = 0.65120
#1: train loss = 0.58448; val loss = 0.57933
#2: train loss = 0.57231; val loss = 0.56923
#3: train loss = 0.54174; val loss = 0.58189
#4: train loss = 0.53191; val loss = 0.56652
#5: train loss = 0.51064; val loss = 0.58835
#6: train loss = 0.51698; val loss = 0.57313
#7: train loss = 0.50431; val loss = 0.59314
#8: train loss = 0.49578; val loss = 0.61502
#9: train loss = 0.46680; val loss = 0.59423
/export/scratch2/ima/MultiFIX_GECCO25_code/dependencies/train.py:323: FutureWarning: The behavior of DataFrame concatenation with empty or all-NA entries is deprecated. In a future version, this will no longer exclude empty or all-NA columns when determining the result dtypes. To retain the old behavior, exclude the relevant entries before the concat operation.
  results = pd.concat([results, new_row], ignore_index=True)
*** RUN 0 ***
   *Test Loss=0.57375
   *AUC=0.74584
   *BAcc=0.67573
#0: train loss = 0.64157; val loss = 0.63731
#1: train loss = 0.57362; val loss = 0.56428
#2: train loss = 0.54604; val loss = 0.57042
#3: train loss = 0.53710; val loss = 0.55708
#4: train loss = 0.52639; val loss = 0.55809
#5: train loss = 0.51344; val loss = 0.56464
#6: train loss = 0.51088; val loss = 0.56881
#7: train loss = 0.50320; val loss = 0.58062
#8: train loss = 0.48448; val loss = 0.56566
*** RUN 1 ***
   *Test Loss=0.66556
   *AUC=0.65858
   *BAcc=0.61242
#0: train loss = 0.65608; val loss = 0.65354
#1: train loss = 0.58412; val loss = 0.59800
#2: train loss = 0.56454; val loss = 0.57996
#3: train loss = 0.54511; val loss = 0.58033
#4: train loss = 0.52523; val loss = 0.58653
#5: train loss = 0.53022; val loss = 0.58706
#6: train loss = 0.53568; val loss = 0.57292
#7: train loss = 0.50458; val loss = 0.58393
#8: train loss = 0.49761; val loss = 0.58229
#9: train loss = 0.48538; val loss = 0.60163
#10: train loss = 0.46183; val loss = 0.60541
#11: train loss = 0.46017; val loss = 0.62440
*** RUN 2 ***
   *Test Loss=0.58944
   *AUC=0.74736
   *BAcc=0.68669
#0: train loss = 0.66228; val loss = 0.65280
#1: train loss = 0.59703; val loss = 0.57476
#2: train loss = 0.56533; val loss = 0.55774
#3: train loss = 0.55962; val loss = 0.56117
#4: train loss = 0.54928; val loss = 0.56247
#5: train loss = 0.53543; val loss = 0.56905
#6: train loss = 0.53667; val loss = 0.56596
#7: train loss = 0.52631; val loss = 0.58613
*** RUN 3 ***
   *Test Loss=0.57854
   *AUC=0.75873
   *BAcc=0.68628
#0: train loss = 0.63922; val loss = 0.65227
#1: train loss = 0.58050; val loss = 0.62908
#2: train loss = 0.53825; val loss = 0.63733
#3: train loss = 0.53439; val loss = 0.63162
#4: train loss = 0.50167; val loss = 0.63539
#5: train loss = 0.48688; val loss = 0.64587
#6: train loss = 0.48780; val loss = 0.66755
*** RUN 4 ***
   *Test Loss=0.58721
   *AUC=0.74188
   *BAcc=0.67158
*** LR =  0.0001 ; WD =  0.001 ; IMG_FTS =  0 ; TAB_FTS =  1  ***
#0: train loss = 0.68343; val loss = 0.68675
#1: train loss = 0.66538; val loss = 0.66970
#2: train loss = 0.65467; val loss = 0.65178
#3: train loss = 0.64018; val loss = 0.63957
#4: train loss = 0.63497; val loss = 0.62831
#5: train loss = 0.62068; val loss = 0.61808
#6: train loss = 0.61422; val loss = 0.60825
#7: train loss = 0.60237; val loss = 0.60278
#8: train loss = 0.59457; val loss = 0.59664
#9: train loss = 0.58408; val loss = 0.59111
#10: train loss = 0.57682; val loss = 0.58982
#11: train loss = 0.58037; val loss = 0.58741
#12: train loss = 0.57283; val loss = 0.58489
#13: train loss = 0.57132; val loss = 0.58406
#14: train loss = 0.57714; val loss = 0.58182
#15: train loss = 0.56911; val loss = 0.58046
#16: train loss = 0.55624; val loss = 0.58173
#17: train loss = 0.55571; val loss = 0.57826
#18: train loss = 0.55822; val loss = 0.58015
#19: train loss = 0.55102; val loss = 0.57889
#20: train loss = 0.53688; val loss = 0.57627
#21: train loss = 0.54086; val loss = 0.57754
#22: train loss = 0.53307; val loss = 0.57707
#23: train loss = 0.53413; val loss = 0.57703
#24: train loss = 0.54345; val loss = 0.57946
#25: train loss = 0.54625; val loss = 0.57890
*** RUN 0 ***
   *Test Loss=0.57908
   *AUC=0.74198
   *BAcc=0.65950
#0: train loss = 0.68511; val loss = 0.68150
#1: train loss = 0.66890; val loss = 0.66021
#2: train loss = 0.65384; val loss = 0.63995
#3: train loss = 0.63773; val loss = 0.62482
#4: train loss = 0.62485; val loss = 0.60964
#5: train loss = 0.61720; val loss = 0.59833
#6: train loss = 0.60417; val loss = 0.58788
#7: train loss = 0.58547; val loss = 0.57769
#8: train loss = 0.57832; val loss = 0.57035
#9: train loss = 0.57814; val loss = 0.56574
#10: train loss = 0.56671; val loss = 0.55995
#11: train loss = 0.56441; val loss = 0.55802
#12: train loss = 0.55138; val loss = 0.55505
#13: train loss = 0.54832; val loss = 0.55334
#14: train loss = 0.54138; val loss = 0.55309
#15: train loss = 0.54576; val loss = 0.55155
#16: train loss = 0.54067; val loss = 0.55224
#17: train loss = 0.54210; val loss = 0.54938
#18: train loss = 0.54939; val loss = 0.54880
#19: train loss = 0.54045; val loss = 0.55030
#20: train loss = 0.52987; val loss = 0.54768
#21: train loss = 0.53244; val loss = 0.54756
#22: train loss = 0.52161; val loss = 0.54711
#23: train loss = 0.52480; val loss = 0.54813
#24: train loss = 0.51780; val loss = 0.54808
#25: train loss = 0.51150; val loss = 0.54890
#26: train loss = 0.52541; val loss = 0.54931
#27: train loss = 0.51445; val loss = 0.54575
#28: train loss = 0.50948; val loss = 0.54653
#29: train loss = 0.51117; val loss = 0.54792
#30: train loss = 0.51298; val loss = 0.54924
#31: train loss = 0.50311; val loss = 0.54664
#32: train loss = 0.50459; val loss = 0.54517
#33: train loss = 0.51033; val loss = 0.54649
#34: train loss = 0.50756; val loss = 0.54843
#35: train loss = 0.50839; val loss = 0.54973
#36: train loss = 0.49912; val loss = 0.54898
#37: train loss = 0.49311; val loss = 0.54806
*** RUN 1 ***
   *Test Loss=0.65772
   *AUC=0.68385
   *BAcc=0.60552
#0: train loss = 0.68273; val loss = 0.68362
#1: train loss = 0.67052; val loss = 0.67005
#2: train loss = 0.66048; val loss = 0.65661
#3: train loss = 0.64679; val loss = 0.64647
#4: train loss = 0.63250; val loss = 0.63517
#5: train loss = 0.61872; val loss = 0.62510
#6: train loss = 0.61047; val loss = 0.61776
#7: train loss = 0.60358; val loss = 0.60906
#8: train loss = 0.58448; val loss = 0.60448
#9: train loss = 0.58715; val loss = 0.60083
#10: train loss = 0.57160; val loss = 0.60030
#11: train loss = 0.56894; val loss = 0.59823
#12: train loss = 0.56616; val loss = 0.59426
#13: train loss = 0.56293; val loss = 0.59144
#14: train loss = 0.55362; val loss = 0.59174
#15: train loss = 0.54835; val loss = 0.59030
#16: train loss = 0.55127; val loss = 0.58917
#17: train loss = 0.55500; val loss = 0.58886
#18: train loss = 0.54442; val loss = 0.58713
#19: train loss = 0.53338; val loss = 0.58838
#20: train loss = 0.52780; val loss = 0.58734
#21: train loss = 0.53812; val loss = 0.58643
#22: train loss = 0.54324; val loss = 0.58737
#23: train loss = 0.52486; val loss = 0.58305
#24: train loss = 0.52339; val loss = 0.58448
#25: train loss = 0.52703; val loss = 0.58679
#26: train loss = 0.51915; val loss = 0.58511
#27: train loss = 0.51917; val loss = 0.58600
#28: train loss = 0.50674; val loss = 0.58557
*** RUN 2 ***
   *Test Loss=0.58191
   *AUC=0.76167
   *BAcc=0.70008
#0: train loss = 0.69051; val loss = 0.68909
#1: train loss = 0.67094; val loss = 0.66601
#2: train loss = 0.65712; val loss = 0.64276
#3: train loss = 0.64370; val loss = 0.62907
#4: train loss = 0.63874; val loss = 0.61701
#5: train loss = 0.62210; val loss = 0.60707
#6: train loss = 0.61069; val loss = 0.59629
#7: train loss = 0.60658; val loss = 0.58940
#8: train loss = 0.59867; val loss = 0.58157
#9: train loss = 0.58656; val loss = 0.57713
#10: train loss = 0.58711; val loss = 0.57336
#11: train loss = 0.57010; val loss = 0.57076
#12: train loss = 0.58191; val loss = 0.56851
#13: train loss = 0.56359; val loss = 0.56724
#14: train loss = 0.56750; val loss = 0.56475
#15: train loss = 0.56263; val loss = 0.56228
#16: train loss = 0.56051; val loss = 0.56165
#17: train loss = 0.55056; val loss = 0.56065
#18: train loss = 0.55050; val loss = 0.55685
#19: train loss = 0.54568; val loss = 0.55591
#20: train loss = 0.53879; val loss = 0.55487
#21: train loss = 0.54749; val loss = 0.55749
#22: train loss = 0.54462; val loss = 0.55615
#23: train loss = 0.54190; val loss = 0.55717
#24: train loss = 0.53242; val loss = 0.55497
#25: train loss = 0.53171; val loss = 0.55608
*** RUN 3 ***
   *Test Loss=0.57010
   *AUC=0.77323
   *BAcc=0.72037
#0: train loss = 0.70145; val loss = 0.69695
#1: train loss = 0.67670; val loss = 0.67479
#2: train loss = 0.65915; val loss = 0.65905
#3: train loss = 0.64642; val loss = 0.64824
#4: train loss = 0.63445; val loss = 0.64196
#5: train loss = 0.62116; val loss = 0.63496
#6: train loss = 0.61167; val loss = 0.63130
#7: train loss = 0.59633; val loss = 0.62599
#8: train loss = 0.59452; val loss = 0.62175
#9: train loss = 0.58486; val loss = 0.62199
#10: train loss = 0.57262; val loss = 0.62037
#11: train loss = 0.57172; val loss = 0.61979
#12: train loss = 0.56074; val loss = 0.61833
#13: train loss = 0.55814; val loss = 0.62020
#14: train loss = 0.55074; val loss = 0.62074
#15: train loss = 0.55162; val loss = 0.61891
#16: train loss = 0.54140; val loss = 0.62111
#17: train loss = 0.54550; val loss = 0.62320
*** RUN 4 ***
   *Test Loss=0.57533
   *AUC=0.76587
   *BAcc=0.69638
*** LR =  1e-05 ; WD =  0.001 ; IMG_FTS =  0 ; TAB_FTS =  1  ***
#0: train loss = 0.68704; val loss = 0.69132
#1: train loss = 0.68304; val loss = 0.68962
#2: train loss = 0.68100; val loss = 0.68790
#3: train loss = 0.67834; val loss = 0.68586
#4: train loss = 0.68200; val loss = 0.68424
#5: train loss = 0.68031; val loss = 0.68288
#6: train loss = 0.67943; val loss = 0.68104
#7: train loss = 0.67604; val loss = 0.67941
#8: train loss = 0.67535; val loss = 0.67821
#9: train loss = 0.67338; val loss = 0.67609
#10: train loss = 0.67146; val loss = 0.67492
#11: train loss = 0.66899; val loss = 0.67329
#12: train loss = 0.66841; val loss = 0.67210
#13: train loss = 0.66620; val loss = 0.67109
#14: train loss = 0.66877; val loss = 0.66886
#15: train loss = 0.66726; val loss = 0.66716
#16: train loss = 0.66240; val loss = 0.66659
#17: train loss = 0.66028; val loss = 0.66472
#18: train loss = 0.66306; val loss = 0.66428
#19: train loss = 0.66051; val loss = 0.66247
#20: train loss = 0.65906; val loss = 0.66073
#21: train loss = 0.65613; val loss = 0.66057
#22: train loss = 0.65278; val loss = 0.65901
#23: train loss = 0.65502; val loss = 0.65714
#24: train loss = 0.65304; val loss = 0.65524
#25: train loss = 0.65522; val loss = 0.65529
#26: train loss = 0.65431; val loss = 0.65389
#27: train loss = 0.65168; val loss = 0.65255
#28: train loss = 0.64804; val loss = 0.65127
#29: train loss = 0.65039; val loss = 0.64940
#30: train loss = 0.64926; val loss = 0.64790
#31: train loss = 0.64589; val loss = 0.64693
#32: train loss = 0.64578; val loss = 0.64634
#33: train loss = 0.64573; val loss = 0.64451
#34: train loss = 0.64488; val loss = 0.64377
#35: train loss = 0.64251; val loss = 0.64284
#36: train loss = 0.64136; val loss = 0.64267
#37: train loss = 0.64004; val loss = 0.64066
#38: train loss = 0.64040; val loss = 0.63900
#39: train loss = 0.63418; val loss = 0.63766
#40: train loss = 0.63637; val loss = 0.63620
#41: train loss = 0.63457; val loss = 0.63528
#42: train loss = 0.63764; val loss = 0.63432
#43: train loss = 0.63420; val loss = 0.63444
#44: train loss = 0.63275; val loss = 0.63241
#45: train loss = 0.62835; val loss = 0.63187
#46: train loss = 0.62754; val loss = 0.63074
#47: train loss = 0.62836; val loss = 0.62956
#48: train loss = 0.62912; val loss = 0.62977
#49: train loss = 0.62540; val loss = 0.62806
#50: train loss = 0.62585; val loss = 0.62683
#51: train loss = 0.62421; val loss = 0.62569
#52: train loss = 0.62271; val loss = 0.62535
#53: train loss = 0.62158; val loss = 0.62318
#54: train loss = 0.62098; val loss = 0.62286
#55: train loss = 0.62342; val loss = 0.62119
#56: train loss = 0.61755; val loss = 0.62100
#57: train loss = 0.62124; val loss = 0.61911
#58: train loss = 0.61466; val loss = 0.61868
#59: train loss = 0.61397; val loss = 0.61867
#60: train loss = 0.61679; val loss = 0.61738
#61: train loss = 0.61225; val loss = 0.61605
#62: train loss = 0.61214; val loss = 0.61510
#63: train loss = 0.60728; val loss = 0.61437
#64: train loss = 0.61093; val loss = 0.61317
#65: train loss = 0.61580; val loss = 0.61216
#66: train loss = 0.60572; val loss = 0.61132
#67: train loss = 0.60344; val loss = 0.61127
#68: train loss = 0.60882; val loss = 0.61107
#69: train loss = 0.60654; val loss = 0.61031
#70: train loss = 0.60670; val loss = 0.60979
#71: train loss = 0.61067; val loss = 0.60795
#72: train loss = 0.60447; val loss = 0.60660
#73: train loss = 0.60977; val loss = 0.60641
#74: train loss = 0.59738; val loss = 0.60509
*** RUN 0 ***
   *Test Loss=0.60838
   *AUC=0.72494
   *BAcc=0.62297
#0: train loss = 0.69652; val loss = 0.69217
#1: train loss = 0.69278; val loss = 0.69121
#2: train loss = 0.69183; val loss = 0.68924
#3: train loss = 0.68947; val loss = 0.68714
#4: train loss = 0.68846; val loss = 0.68609
#5: train loss = 0.68469; val loss = 0.68404
#6: train loss = 0.68628; val loss = 0.68257
#7: train loss = 0.68402; val loss = 0.68091
#8: train loss = 0.68119; val loss = 0.67885
#9: train loss = 0.68301; val loss = 0.67809
#10: train loss = 0.68157; val loss = 0.67574
#11: train loss = 0.67909; val loss = 0.67409
#12: train loss = 0.67975; val loss = 0.67306
#13: train loss = 0.67764; val loss = 0.67111
#14: train loss = 0.67336; val loss = 0.66945
#15: train loss = 0.67053; val loss = 0.66827
#16: train loss = 0.67097; val loss = 0.66670
#17: train loss = 0.67084; val loss = 0.66499
#18: train loss = 0.66733; val loss = 0.66430
#19: train loss = 0.66733; val loss = 0.66246
#20: train loss = 0.66754; val loss = 0.66092
#21: train loss = 0.66419; val loss = 0.65869
#22: train loss = 0.66231; val loss = 0.65786
#23: train loss = 0.66289; val loss = 0.65699
#24: train loss = 0.66222; val loss = 0.65433
#25: train loss = 0.65741; val loss = 0.65340
#26: train loss = 0.65785; val loss = 0.65147
#27: train loss = 0.65944; val loss = 0.65009
#28: train loss = 0.65382; val loss = 0.64930
#29: train loss = 0.65271; val loss = 0.64776
#30: train loss = 0.65164; val loss = 0.64577
#31: train loss = 0.64946; val loss = 0.64498
#32: train loss = 0.65248; val loss = 0.64330
#33: train loss = 0.65029; val loss = 0.64283
#34: train loss = 0.64401; val loss = 0.64017
#35: train loss = 0.65080; val loss = 0.63957
#36: train loss = 0.64699; val loss = 0.63832
#37: train loss = 0.64279; val loss = 0.63713
#38: train loss = 0.64335; val loss = 0.63585
#39: train loss = 0.63955; val loss = 0.63360
#40: train loss = 0.64137; val loss = 0.63240
#41: train loss = 0.63466; val loss = 0.63114
#42: train loss = 0.63999; val loss = 0.62979
#43: train loss = 0.63545; val loss = 0.62772
#44: train loss = 0.63463; val loss = 0.62752
#45: train loss = 0.63736; val loss = 0.62636
#46: train loss = 0.62736; val loss = 0.62413
#47: train loss = 0.62868; val loss = 0.62340
#48: train loss = 0.62742; val loss = 0.62165
#49: train loss = 0.62850; val loss = 0.61970
#50: train loss = 0.62767; val loss = 0.61976
#51: train loss = 0.62188; val loss = 0.61803
#52: train loss = 0.62320; val loss = 0.61735
#53: train loss = 0.62124; val loss = 0.61628
#54: train loss = 0.61928; val loss = 0.61461
#55: train loss = 0.61912; val loss = 0.61347
#56: train loss = 0.61799; val loss = 0.61320
#57: train loss = 0.61741; val loss = 0.61172
#58: train loss = 0.61412; val loss = 0.60957
#59: train loss = 0.61533; val loss = 0.61028
#60: train loss = 0.61520; val loss = 0.60888
#61: train loss = 0.61336; val loss = 0.60712
#62: train loss = 0.61120; val loss = 0.60582
#63: train loss = 0.60771; val loss = 0.60481
#64: train loss = 0.60618; val loss = 0.60320
#65: train loss = 0.60681; val loss = 0.60306
#66: train loss = 0.60843; val loss = 0.60175
#67: train loss = 0.60330; val loss = 0.60088
#68: train loss = 0.60563; val loss = 0.59938
#69: train loss = 0.60448; val loss = 0.59890
#70: train loss = 0.60171; val loss = 0.59663
#71: train loss = 0.60108; val loss = 0.59597
#72: train loss = 0.59931; val loss = 0.59536
#73: train loss = 0.59556; val loss = 0.59450
#74: train loss = 0.59699; val loss = 0.59459
*** RUN 1 ***
   *Test Loss=0.64591
   *AUC=0.66640
   *BAcc=0.59213
#0: train loss = 0.70440; val loss = 0.68842
#1: train loss = 0.69996; val loss = 0.69049
#2: train loss = 0.69461; val loss = 0.69216
#3: train loss = 0.69640; val loss = 0.69090
#4: train loss = 0.69445; val loss = 0.68892
#5: train loss = 0.69009; val loss = 0.68732
#6: train loss = 0.68871; val loss = 0.68543
#7: train loss = 0.68685; val loss = 0.68385
#8: train loss = 0.68880; val loss = 0.68256
#9: train loss = 0.68476; val loss = 0.68084
#10: train loss = 0.68185; val loss = 0.67910
#11: train loss = 0.67985; val loss = 0.67741
#12: train loss = 0.68082; val loss = 0.67620
#13: train loss = 0.67831; val loss = 0.67475
#14: train loss = 0.67839; val loss = 0.67346
#15: train loss = 0.67529; val loss = 0.67178
#16: train loss = 0.67344; val loss = 0.67070
#17: train loss = 0.67379; val loss = 0.66894
#18: train loss = 0.67061; val loss = 0.66799
#19: train loss = 0.67137; val loss = 0.66650
#20: train loss = 0.66604; val loss = 0.66507
#21: train loss = 0.66632; val loss = 0.66408
#22: train loss = 0.66637; val loss = 0.66277
#23: train loss = 0.66539; val loss = 0.66130
#24: train loss = 0.66249; val loss = 0.65990
#25: train loss = 0.66357; val loss = 0.65916
#26: train loss = 0.66124; val loss = 0.65775
#27: train loss = 0.65853; val loss = 0.65635
#28: train loss = 0.65975; val loss = 0.65534
#29: train loss = 0.65681; val loss = 0.65371
#30: train loss = 0.65444; val loss = 0.65247
#31: train loss = 0.65680; val loss = 0.65098
#32: train loss = 0.65251; val loss = 0.65002
#33: train loss = 0.65321; val loss = 0.64856
#34: train loss = 0.65048; val loss = 0.64783
#35: train loss = 0.64895; val loss = 0.64666
#36: train loss = 0.64669; val loss = 0.64537
#37: train loss = 0.64771; val loss = 0.64444
#38: train loss = 0.64232; val loss = 0.64312
#39: train loss = 0.64693; val loss = 0.64099
#40: train loss = 0.64027; val loss = 0.64065
#41: train loss = 0.63933; val loss = 0.63932
#42: train loss = 0.63963; val loss = 0.63848
#43: train loss = 0.64241; val loss = 0.63711
#44: train loss = 0.63683; val loss = 0.63569
#45: train loss = 0.63398; val loss = 0.63459
#46: train loss = 0.63567; val loss = 0.63398
#47: train loss = 0.63525; val loss = 0.63317
#48: train loss = 0.63408; val loss = 0.63182
#49: train loss = 0.62920; val loss = 0.63120
#50: train loss = 0.63068; val loss = 0.62904
#51: train loss = 0.62710; val loss = 0.62900
#52: train loss = 0.62853; val loss = 0.62734
#53: train loss = 0.62808; val loss = 0.62670
#54: train loss = 0.62476; val loss = 0.62542
#55: train loss = 0.62389; val loss = 0.62446
#56: train loss = 0.62294; val loss = 0.62372
#57: train loss = 0.62284; val loss = 0.62204
#58: train loss = 0.62039; val loss = 0.62143
#59: train loss = 0.62009; val loss = 0.61978
#60: train loss = 0.61363; val loss = 0.61991
#61: train loss = 0.61165; val loss = 0.61786
#62: train loss = 0.61252; val loss = 0.61685
#63: train loss = 0.61538; val loss = 0.61591
#64: train loss = 0.61401; val loss = 0.61472
#65: train loss = 0.61910; val loss = 0.61391
#66: train loss = 0.60922; val loss = 0.61235
#67: train loss = 0.60579; val loss = 0.61283
#68: train loss = 0.61210; val loss = 0.61248
#69: train loss = 0.60324; val loss = 0.61063
#70: train loss = 0.61552; val loss = 0.60987
#71: train loss = 0.60853; val loss = 0.60903
#72: train loss = 0.60328; val loss = 0.60907
#73: train loss = 0.60608; val loss = 0.60720
#74: train loss = 0.59997; val loss = 0.60656
*** RUN 2 ***
   *Test Loss=0.61552
   *AUC=0.72849
   *BAcc=0.59821
#0: train loss = 0.70361; val loss = 0.69628
#1: train loss = 0.70156; val loss = 0.69163
#2: train loss = 0.69799; val loss = 0.69022
#3: train loss = 0.69634; val loss = 0.68776
#4: train loss = 0.69595; val loss = 0.68560
#5: train loss = 0.69348; val loss = 0.68327
#6: train loss = 0.68933; val loss = 0.68159
#7: train loss = 0.68824; val loss = 0.67984
#8: train loss = 0.68442; val loss = 0.67803
#9: train loss = 0.68524; val loss = 0.67577
#10: train loss = 0.67952; val loss = 0.67373
#11: train loss = 0.67848; val loss = 0.67210
#12: train loss = 0.68019; val loss = 0.67030
#13: train loss = 0.67600; val loss = 0.66931
#14: train loss = 0.67513; val loss = 0.66789
#15: train loss = 0.67326; val loss = 0.66621
#16: train loss = 0.67144; val loss = 0.66478
#17: train loss = 0.67132; val loss = 0.66280
#18: train loss = 0.66745; val loss = 0.66244
#19: train loss = 0.66692; val loss = 0.66134
#20: train loss = 0.66581; val loss = 0.65944
#21: train loss = 0.66475; val loss = 0.65886
#22: train loss = 0.66760; val loss = 0.65598
#23: train loss = 0.65876; val loss = 0.65525
#24: train loss = 0.66109; val loss = 0.65361
#25: train loss = 0.65761; val loss = 0.65258
#26: train loss = 0.65700; val loss = 0.65157
#27: train loss = 0.65416; val loss = 0.65064
#28: train loss = 0.65500; val loss = 0.64916
#29: train loss = 0.65274; val loss = 0.64831
#30: train loss = 0.65131; val loss = 0.64676
#31: train loss = 0.64881; val loss = 0.64494
#32: train loss = 0.64956; val loss = 0.64379
#33: train loss = 0.64776; val loss = 0.64350
#34: train loss = 0.64702; val loss = 0.64130
#35: train loss = 0.64799; val loss = 0.64051
#36: train loss = 0.64405; val loss = 0.63986
#37: train loss = 0.64305; val loss = 0.63789
#38: train loss = 0.63972; val loss = 0.63719
#39: train loss = 0.63881; val loss = 0.63608
#40: train loss = 0.64103; val loss = 0.63475
#41: train loss = 0.64100; val loss = 0.63296
#42: train loss = 0.63815; val loss = 0.63242
#43: train loss = 0.64123; val loss = 0.63028
#44: train loss = 0.63748; val loss = 0.63077
#45: train loss = 0.63614; val loss = 0.62946
#46: train loss = 0.63355; val loss = 0.62877
#47: train loss = 0.63462; val loss = 0.62687
#48: train loss = 0.63300; val loss = 0.62606
#49: train loss = 0.63202; val loss = 0.62504
#50: train loss = 0.63021; val loss = 0.62490
#51: train loss = 0.63251; val loss = 0.62339
#52: train loss = 0.62494; val loss = 0.62293
#53: train loss = 0.62629; val loss = 0.62096
#54: train loss = 0.62914; val loss = 0.61924
#55: train loss = 0.62654; val loss = 0.61894
#56: train loss = 0.62600; val loss = 0.61724
#57: train loss = 0.62193; val loss = 0.61689
#58: train loss = 0.62061; val loss = 0.61544
#59: train loss = 0.61839; val loss = 0.61432
#60: train loss = 0.61607; val loss = 0.61444
#61: train loss = 0.61783; val loss = 0.61287
#62: train loss = 0.61817; val loss = 0.61232
#63: train loss = 0.61693; val loss = 0.61129
#64: train loss = 0.61085; val loss = 0.60966
#65: train loss = 0.61023; val loss = 0.60882
#66: train loss = 0.61536; val loss = 0.60839
#67: train loss = 0.60695; val loss = 0.60731
#68: train loss = 0.61249; val loss = 0.60625
#69: train loss = 0.61190; val loss = 0.60561
#70: train loss = 0.60790; val loss = 0.60424
#71: train loss = 0.60275; val loss = 0.60375
#72: train loss = 0.60844; val loss = 0.60308
#73: train loss = 0.60696; val loss = 0.60171
#74: train loss = 0.60484; val loss = 0.60116
*** RUN 3 ***
   *Test Loss=0.61736
   *AUC=0.73955
   *BAcc=0.66802
#0: train loss = 0.71074; val loss = 0.69977
#1: train loss = 0.70582; val loss = 0.70659
#2: train loss = 0.70383; val loss = 0.70825
#3: train loss = 0.70033; val loss = 0.70682
#4: train loss = 0.69910; val loss = 0.70420
#5: train loss = 0.69616; val loss = 0.70230
*** RUN 4 ***
   *Test Loss=0.69823
   *AUC=0.53295
   *BAcc=0.50000
*** LR =  0.001 ; WD =  0.0001 ; IMG_FTS =  0 ; TAB_FTS =  1  ***
#0: train loss = 0.65512; val loss = 0.65041
#1: train loss = 0.58416; val loss = 0.57849
#2: train loss = 0.57166; val loss = 0.56947
#3: train loss = 0.54101; val loss = 0.58138
#4: train loss = 0.53041; val loss = 0.56675
#5: train loss = 0.50842; val loss = 0.58771
#6: train loss = 0.51431; val loss = 0.57517
#7: train loss = 0.50142; val loss = 0.59517
#8: train loss = 0.49163; val loss = 0.61898
#9: train loss = 0.46473; val loss = 0.60003
*** RUN 0 ***
   *Test Loss=0.57469
   *AUC=0.74513
   *BAcc=0.66883
#0: train loss = 0.64136; val loss = 0.63649
#1: train loss = 0.57330; val loss = 0.56269
#2: train loss = 0.54544; val loss = 0.57041
#3: train loss = 0.53630; val loss = 0.55649
#4: train loss = 0.52478; val loss = 0.55871
#5: train loss = 0.51058; val loss = 0.56391
#6: train loss = 0.50761; val loss = 0.56946
#7: train loss = 0.49898; val loss = 0.58227
#8: train loss = 0.48008; val loss = 0.56937
*** RUN 1 ***
   *Test Loss=0.66821
   *AUC=0.65929
   *BAcc=0.61810
#0: train loss = 0.65594; val loss = 0.65272
#1: train loss = 0.58365; val loss = 0.59753
#2: train loss = 0.56431; val loss = 0.57993
#3: train loss = 0.54498; val loss = 0.58014
#4: train loss = 0.52426; val loss = 0.58716
#5: train loss = 0.53008; val loss = 0.58710
#6: train loss = 0.53385; val loss = 0.57376
#7: train loss = 0.50219; val loss = 0.58480
#8: train loss = 0.49364; val loss = 0.58656
#9: train loss = 0.48094; val loss = 0.60664
#10: train loss = 0.45619; val loss = 0.61057
#11: train loss = 0.45365; val loss = 0.63605
*** RUN 2 ***
   *Test Loss=0.59229
   *AUC=0.74625
   *BAcc=0.68222
#0: train loss = 0.66214; val loss = 0.65184
#1: train loss = 0.59701; val loss = 0.57395
#2: train loss = 0.56530; val loss = 0.55854
#3: train loss = 0.55881; val loss = 0.56248
#4: train loss = 0.54804; val loss = 0.56344
#5: train loss = 0.53380; val loss = 0.56908
#6: train loss = 0.53424; val loss = 0.56664
#7: train loss = 0.52267; val loss = 0.58646
*** RUN 3 ***
   *Test Loss=0.57763
   *AUC=0.76025
   *BAcc=0.68304
#0: train loss = 0.63897; val loss = 0.65157
#1: train loss = 0.58034; val loss = 0.62945
#2: train loss = 0.53770; val loss = 0.63796
#3: train loss = 0.53335; val loss = 0.63118
#4: train loss = 0.49985; val loss = 0.63848
#5: train loss = 0.48481; val loss = 0.64535
#6: train loss = 0.48464; val loss = 0.67163
*** RUN 4 ***
   *Test Loss=0.58699
   *AUC=0.74279
   *BAcc=0.66707
*** LR =  0.0001 ; WD =  0.0001 ; IMG_FTS =  0 ; TAB_FTS =  1  ***
#0: train loss = 0.68343; val loss = 0.68672
#1: train loss = 0.66530; val loss = 0.66957
#2: train loss = 0.65452; val loss = 0.65155
#3: train loss = 0.63994; val loss = 0.63927
#4: train loss = 0.63466; val loss = 0.62792
#5: train loss = 0.62025; val loss = 0.61763
#6: train loss = 0.61374; val loss = 0.60778
#7: train loss = 0.60183; val loss = 0.60227
#8: train loss = 0.59404; val loss = 0.59612
#9: train loss = 0.58346; val loss = 0.59069
#10: train loss = 0.57625; val loss = 0.58947
#11: train loss = 0.57986; val loss = 0.58716
#12: train loss = 0.57232; val loss = 0.58463
#13: train loss = 0.57087; val loss = 0.58390
#14: train loss = 0.57676; val loss = 0.58168
#15: train loss = 0.56857; val loss = 0.58037
#16: train loss = 0.55567; val loss = 0.58172
#17: train loss = 0.55496; val loss = 0.57822
#18: train loss = 0.55765; val loss = 0.58019
#19: train loss = 0.55036; val loss = 0.57897
#20: train loss = 0.53607; val loss = 0.57639
#21: train loss = 0.53998; val loss = 0.57750
#22: train loss = 0.53213; val loss = 0.57702
#23: train loss = 0.53321; val loss = 0.57702
#24: train loss = 0.54274; val loss = 0.57944
#25: train loss = 0.54546; val loss = 0.57895
*** RUN 0 ***
   *Test Loss=0.57903
   *AUC=0.74219
   *BAcc=0.65381
#0: train loss = 0.68510; val loss = 0.68147
#1: train loss = 0.66886; val loss = 0.66008
#2: train loss = 0.65373; val loss = 0.63975
#3: train loss = 0.63755; val loss = 0.62456
#4: train loss = 0.62457; val loss = 0.60928
#5: train loss = 0.61688; val loss = 0.59791
#6: train loss = 0.60376; val loss = 0.58747
#7: train loss = 0.58496; val loss = 0.57733
#8: train loss = 0.57786; val loss = 0.56995
#9: train loss = 0.57767; val loss = 0.56533
#10: train loss = 0.56620; val loss = 0.55960
#11: train loss = 0.56393; val loss = 0.55767
#12: train loss = 0.55081; val loss = 0.55479
#13: train loss = 0.54777; val loss = 0.55311
#14: train loss = 0.54085; val loss = 0.55287
#15: train loss = 0.54519; val loss = 0.55135
#16: train loss = 0.54013; val loss = 0.55204
#17: train loss = 0.54151; val loss = 0.54925
#18: train loss = 0.54896; val loss = 0.54866
#19: train loss = 0.53985; val loss = 0.55021
#20: train loss = 0.52916; val loss = 0.54745
#21: train loss = 0.53178; val loss = 0.54742
#22: train loss = 0.52079; val loss = 0.54700
#23: train loss = 0.52416; val loss = 0.54818
#24: train loss = 0.51693; val loss = 0.54818
#25: train loss = 0.51052; val loss = 0.54894
#26: train loss = 0.52457; val loss = 0.54933
#27: train loss = 0.51339; val loss = 0.54574
#28: train loss = 0.50837; val loss = 0.54646
#29: train loss = 0.51004; val loss = 0.54792
#30: train loss = 0.51175; val loss = 0.54917
#31: train loss = 0.50168; val loss = 0.54658
#32: train loss = 0.50334; val loss = 0.54508
#33: train loss = 0.50868; val loss = 0.54650
#34: train loss = 0.50610; val loss = 0.54840
#35: train loss = 0.50689; val loss = 0.54966
#36: train loss = 0.49734; val loss = 0.54888
#37: train loss = 0.49141; val loss = 0.54793
*** RUN 1 ***
   *Test Loss=0.65841
   *AUC=0.68425
   *BAcc=0.60552
#0: train loss = 0.68271; val loss = 0.68360
#1: train loss = 0.67045; val loss = 0.66996
#2: train loss = 0.66036; val loss = 0.65644
#3: train loss = 0.64660; val loss = 0.64624
#4: train loss = 0.63220; val loss = 0.63485
#5: train loss = 0.61828; val loss = 0.62474
#6: train loss = 0.60997; val loss = 0.61741
#7: train loss = 0.60307; val loss = 0.60867
#8: train loss = 0.58385; val loss = 0.60416
#9: train loss = 0.58652; val loss = 0.60061
#10: train loss = 0.57090; val loss = 0.60017
#11: train loss = 0.56834; val loss = 0.59818
#12: train loss = 0.56558; val loss = 0.59430
#13: train loss = 0.56237; val loss = 0.59150
#14: train loss = 0.55307; val loss = 0.59195
#15: train loss = 0.54780; val loss = 0.59050
#16: train loss = 0.55080; val loss = 0.58942
#17: train loss = 0.55453; val loss = 0.58909
#18: train loss = 0.54382; val loss = 0.58738
#19: train loss = 0.53268; val loss = 0.58864
#20: train loss = 0.52701; val loss = 0.58767
#21: train loss = 0.53740; val loss = 0.58690
#22: train loss = 0.54255; val loss = 0.58789
#23: train loss = 0.52403; val loss = 0.58342
#24: train loss = 0.52253; val loss = 0.58501
#25: train loss = 0.52606; val loss = 0.58737
#26: train loss = 0.51829; val loss = 0.58576
#27: train loss = 0.51827; val loss = 0.58659
#28: train loss = 0.50571; val loss = 0.58632
*** RUN 2 ***
   *Test Loss=0.58235
   *AUC=0.76116
   *BAcc=0.70008
#0: train loss = 0.69050; val loss = 0.68905
#1: train loss = 0.67086; val loss = 0.66587
#2: train loss = 0.65699; val loss = 0.64253
#3: train loss = 0.64349; val loss = 0.62877
#4: train loss = 0.63850; val loss = 0.61666
#5: train loss = 0.62176; val loss = 0.60670
#6: train loss = 0.61029; val loss = 0.59585
#7: train loss = 0.60621; val loss = 0.58893
#8: train loss = 0.59823; val loss = 0.58117
#9: train loss = 0.58615; val loss = 0.57680
#10: train loss = 0.58670; val loss = 0.57304
#11: train loss = 0.56963; val loss = 0.57042
#12: train loss = 0.58151; val loss = 0.56825
#13: train loss = 0.56306; val loss = 0.56699
#14: train loss = 0.56700; val loss = 0.56448
#15: train loss = 0.56214; val loss = 0.56206
#16: train loss = 0.55996; val loss = 0.56149
#17: train loss = 0.54992; val loss = 0.56046
#18: train loss = 0.54985; val loss = 0.55657
#19: train loss = 0.54502; val loss = 0.55566
#20: train loss = 0.53793; val loss = 0.55469
#21: train loss = 0.54670; val loss = 0.55741
#22: train loss = 0.54385; val loss = 0.55591
#23: train loss = 0.54123; val loss = 0.55700
#24: train loss = 0.53159; val loss = 0.55468
#25: train loss = 0.53072; val loss = 0.55584
#26: train loss = 0.53911; val loss = 0.55443
#27: train loss = 0.52489; val loss = 0.55411
#28: train loss = 0.54700; val loss = 0.55307
#29: train loss = 0.53162; val loss = 0.55138
#30: train loss = 0.53339; val loss = 0.55223
#31: train loss = 0.51508; val loss = 0.55170
#32: train loss = 0.51855; val loss = 0.55421
#33: train loss = 0.51686; val loss = 0.55559
#34: train loss = 0.50176; val loss = 0.55289
*** RUN 3 ***
   *Test Loss=0.56954
   *AUC=0.77121
   *BAcc=0.71591
#0: train loss = 0.68536; val loss = 0.68749
#1: train loss = 0.67087; val loss = 0.67387
#2: train loss = 0.65349; val loss = 0.66269
#3: train loss = 0.63492; val loss = 0.65400
#4: train loss = 0.62365; val loss = 0.64861
#5: train loss = 0.61240; val loss = 0.64413
#6: train loss = 0.60249; val loss = 0.63953
#7: train loss = 0.59279; val loss = 0.63683
#8: train loss = 0.58496; val loss = 0.63628
#9: train loss = 0.57348; val loss = 0.63406
#10: train loss = 0.57145; val loss = 0.63430
#11: train loss = 0.56723; val loss = 0.63474
#12: train loss = 0.55249; val loss = 0.63942
#13: train loss = 0.55582; val loss = 0.63699
#14: train loss = 0.54518; val loss = 0.63712
*** RUN 4 ***
   *Test Loss=0.57690
   *AUC=0.77224
   *BAcc=0.71662
*** LR =  1e-05 ; WD =  0.0001 ; IMG_FTS =  0 ; TAB_FTS =  1  ***
#0: train loss = 0.68704; val loss = 0.69132
#1: train loss = 0.68303; val loss = 0.68961
#2: train loss = 0.68099; val loss = 0.68789
#3: train loss = 0.67832; val loss = 0.68584
#4: train loss = 0.68198; val loss = 0.68421
#5: train loss = 0.68028; val loss = 0.68286
#6: train loss = 0.67940; val loss = 0.68101
#7: train loss = 0.67601; val loss = 0.67937
#8: train loss = 0.67530; val loss = 0.67816
#9: train loss = 0.67333; val loss = 0.67604
#10: train loss = 0.67140; val loss = 0.67486
#11: train loss = 0.66893; val loss = 0.67322
#12: train loss = 0.66834; val loss = 0.67203
#13: train loss = 0.66613; val loss = 0.67101
#14: train loss = 0.66870; val loss = 0.66877
#15: train loss = 0.66718; val loss = 0.66706
#16: train loss = 0.66230; val loss = 0.66648
#17: train loss = 0.66017; val loss = 0.66461
#18: train loss = 0.66295; val loss = 0.66417
#19: train loss = 0.66039; val loss = 0.66234
#20: train loss = 0.65892; val loss = 0.66059
#21: train loss = 0.65600; val loss = 0.66042
#22: train loss = 0.65263; val loss = 0.65885
#23: train loss = 0.65486; val loss = 0.65697
#24: train loss = 0.65288; val loss = 0.65507
#25: train loss = 0.65505; val loss = 0.65511
#26: train loss = 0.65414; val loss = 0.65370
#27: train loss = 0.65149; val loss = 0.65235
#28: train loss = 0.64784; val loss = 0.65106
#29: train loss = 0.65019; val loss = 0.64918
#30: train loss = 0.64906; val loss = 0.64766
#31: train loss = 0.64567; val loss = 0.64669
#32: train loss = 0.64555; val loss = 0.64608
#33: train loss = 0.64549; val loss = 0.64425
#34: train loss = 0.64464; val loss = 0.64350
#35: train loss = 0.64225; val loss = 0.64255
#36: train loss = 0.64109; val loss = 0.64238
#37: train loss = 0.63977; val loss = 0.64036
#38: train loss = 0.64013; val loss = 0.63868
#39: train loss = 0.63386; val loss = 0.63734
#40: train loss = 0.63605; val loss = 0.63587
#41: train loss = 0.63424; val loss = 0.63495
#42: train loss = 0.63734; val loss = 0.63397
#43: train loss = 0.63388; val loss = 0.63408
#44: train loss = 0.63241; val loss = 0.63204
#45: train loss = 0.62798; val loss = 0.63149
#46: train loss = 0.62716; val loss = 0.63036
#47: train loss = 0.62801; val loss = 0.62917
#48: train loss = 0.62872; val loss = 0.62937
#49: train loss = 0.62499; val loss = 0.62764
#50: train loss = 0.62548; val loss = 0.62641
#51: train loss = 0.62381; val loss = 0.62526
#52: train loss = 0.62229; val loss = 0.62493
#53: train loss = 0.62118; val loss = 0.62274
#54: train loss = 0.62057; val loss = 0.62241
#55: train loss = 0.62303; val loss = 0.62073
#56: train loss = 0.61712; val loss = 0.62054
#57: train loss = 0.62080; val loss = 0.61865
#58: train loss = 0.61419; val loss = 0.61823
#59: train loss = 0.61350; val loss = 0.61821
#60: train loss = 0.61635; val loss = 0.61691
#61: train loss = 0.61175; val loss = 0.61559
#62: train loss = 0.61165; val loss = 0.61463
#63: train loss = 0.60676; val loss = 0.61389
#64: train loss = 0.61043; val loss = 0.61270
#65: train loss = 0.61534; val loss = 0.61168
#66: train loss = 0.60519; val loss = 0.61082
#67: train loss = 0.60288; val loss = 0.61078
#68: train loss = 0.60833; val loss = 0.61059
#69: train loss = 0.60606; val loss = 0.60983
#70: train loss = 0.60621; val loss = 0.60931
#71: train loss = 0.61021; val loss = 0.60747
#72: train loss = 0.60396; val loss = 0.60610
#73: train loss = 0.60925; val loss = 0.60592
#74: train loss = 0.59682; val loss = 0.60458
*** RUN 0 ***
   *Test Loss=0.60802
   *AUC=0.72494
   *BAcc=0.62865
#0: train loss = 0.69652; val loss = 0.69217
#1: train loss = 0.69278; val loss = 0.69120
#2: train loss = 0.69182; val loss = 0.68923
#3: train loss = 0.68946; val loss = 0.68711
#4: train loss = 0.68844; val loss = 0.68606
#5: train loss = 0.68466; val loss = 0.68401
#6: train loss = 0.68625; val loss = 0.68253
#7: train loss = 0.68398; val loss = 0.68086
#8: train loss = 0.68115; val loss = 0.67880
#9: train loss = 0.68296; val loss = 0.67803
#10: train loss = 0.68152; val loss = 0.67567
#11: train loss = 0.67903; val loss = 0.67401
#12: train loss = 0.67968; val loss = 0.67297
#13: train loss = 0.67757; val loss = 0.67102
#14: train loss = 0.67328; val loss = 0.66934
#15: train loss = 0.67044; val loss = 0.66816
#16: train loss = 0.67087; val loss = 0.66658
#17: train loss = 0.67074; val loss = 0.66486
#18: train loss = 0.66722; val loss = 0.66416
#19: train loss = 0.66721; val loss = 0.66230
#20: train loss = 0.66741; val loss = 0.66076
#21: train loss = 0.66405; val loss = 0.65851
#22: train loss = 0.66216; val loss = 0.65769
#23: train loss = 0.66273; val loss = 0.65680
#24: train loss = 0.66205; val loss = 0.65413
#25: train loss = 0.65723; val loss = 0.65319
#26: train loss = 0.65766; val loss = 0.65125
#27: train loss = 0.65926; val loss = 0.64986
#28: train loss = 0.65362; val loss = 0.64905
#29: train loss = 0.65249; val loss = 0.64751
#30: train loss = 0.65142; val loss = 0.64550
#31: train loss = 0.64923; val loss = 0.64470
#32: train loss = 0.65225; val loss = 0.64301
#33: train loss = 0.65005; val loss = 0.64253
#34: train loss = 0.64372; val loss = 0.63985
#35: train loss = 0.65055; val loss = 0.63924
#36: train loss = 0.64673; val loss = 0.63798
#37: train loss = 0.64251; val loss = 0.63678
#38: train loss = 0.64305; val loss = 0.63549
#39: train loss = 0.63923; val loss = 0.63322
#40: train loss = 0.64107; val loss = 0.63201
#41: train loss = 0.63430; val loss = 0.63074
#42: train loss = 0.63964; val loss = 0.62937
#43: train loss = 0.63509; val loss = 0.62729
#44: train loss = 0.63427; val loss = 0.62708
#45: train loss = 0.63701; val loss = 0.62591
#46: train loss = 0.62695; val loss = 0.62367
#47: train loss = 0.62829; val loss = 0.62294
#48: train loss = 0.62699; val loss = 0.62117
#49: train loss = 0.62810; val loss = 0.61922
#50: train loss = 0.62724; val loss = 0.61927
#51: train loss = 0.62143; val loss = 0.61753
#52: train loss = 0.62277; val loss = 0.61686
#53: train loss = 0.62078; val loss = 0.61577
#54: train loss = 0.61881; val loss = 0.61409
#55: train loss = 0.61864; val loss = 0.61295
#56: train loss = 0.61752; val loss = 0.61268
#57: train loss = 0.61693; val loss = 0.61118
#58: train loss = 0.61362; val loss = 0.60904
#59: train loss = 0.61485; val loss = 0.60975
#60: train loss = 0.61472; val loss = 0.60834
#61: train loss = 0.61286; val loss = 0.60656
#62: train loss = 0.61070; val loss = 0.60526
#63: train loss = 0.60717; val loss = 0.60425
#64: train loss = 0.60563; val loss = 0.60263
#65: train loss = 0.60627; val loss = 0.60249
#66: train loss = 0.60792; val loss = 0.60119
#67: train loss = 0.60274; val loss = 0.60031
#68: train loss = 0.60510; val loss = 0.59878
#69: train loss = 0.60396; val loss = 0.59831
#70: train loss = 0.60117; val loss = 0.59603
#71: train loss = 0.60054; val loss = 0.59539
#72: train loss = 0.59877; val loss = 0.59478
#73: train loss = 0.59496; val loss = 0.59390
#74: train loss = 0.59640; val loss = 0.59400
*** RUN 1 ***
   *Test Loss=0.64587
   *AUC=0.66640
   *BAcc=0.59213
#0: train loss = 0.70440; val loss = 0.68842
#1: train loss = 0.69995; val loss = 0.69049
#2: train loss = 0.69459; val loss = 0.69215
#3: train loss = 0.69638; val loss = 0.69088
#4: train loss = 0.69443; val loss = 0.68889
#5: train loss = 0.69005; val loss = 0.68728
#6: train loss = 0.68867; val loss = 0.68539
#7: train loss = 0.68681; val loss = 0.68380
#8: train loss = 0.68876; val loss = 0.68251
#9: train loss = 0.68471; val loss = 0.68078
#10: train loss = 0.68179; val loss = 0.67903
#11: train loss = 0.67979; val loss = 0.67734
#12: train loss = 0.68074; val loss = 0.67612
#13: train loss = 0.67822; val loss = 0.67466
#14: train loss = 0.67831; val loss = 0.67336
#15: train loss = 0.67519; val loss = 0.67167
#16: train loss = 0.67333; val loss = 0.67058
#17: train loss = 0.67369; val loss = 0.66881
#18: train loss = 0.67049; val loss = 0.66786
#19: train loss = 0.67125; val loss = 0.66637
#20: train loss = 0.66589; val loss = 0.66492
#21: train loss = 0.66618; val loss = 0.66392
#22: train loss = 0.66623; val loss = 0.66260
#23: train loss = 0.66523; val loss = 0.66113
#24: train loss = 0.66232; val loss = 0.65972
#25: train loss = 0.66340; val loss = 0.65897
#26: train loss = 0.66105; val loss = 0.65755
#27: train loss = 0.65834; val loss = 0.65614
#28: train loss = 0.65955; val loss = 0.65513
#29: train loss = 0.65659; val loss = 0.65347
#30: train loss = 0.65421; val loss = 0.65223
#31: train loss = 0.65659; val loss = 0.65073
#32: train loss = 0.65225; val loss = 0.64976
#33: train loss = 0.65296; val loss = 0.64829
#34: train loss = 0.65022; val loss = 0.64756
#35: train loss = 0.64867; val loss = 0.64637
#36: train loss = 0.64640; val loss = 0.64506
#37: train loss = 0.64742; val loss = 0.64414
#38: train loss = 0.64199; val loss = 0.64280
#39: train loss = 0.64664; val loss = 0.64065
#40: train loss = 0.63992; val loss = 0.64031
#41: train loss = 0.63897; val loss = 0.63896
#42: train loss = 0.63927; val loss = 0.63812
#43: train loss = 0.64208; val loss = 0.63674
#44: train loss = 0.63645; val loss = 0.63529
#45: train loss = 0.63358; val loss = 0.63419
#46: train loss = 0.63528; val loss = 0.63358
#47: train loss = 0.63486; val loss = 0.63275
#48: train loss = 0.63367; val loss = 0.63140
#49: train loss = 0.62874; val loss = 0.63078
#50: train loss = 0.63023; val loss = 0.62860
#51: train loss = 0.62663; val loss = 0.62857
#52: train loss = 0.62808; val loss = 0.62690
#53: train loss = 0.62762; val loss = 0.62626
#54: train loss = 0.62429; val loss = 0.62497
#55: train loss = 0.62338; val loss = 0.62398
#56: train loss = 0.62244; val loss = 0.62325
#57: train loss = 0.62231; val loss = 0.62155
#58: train loss = 0.61986; val loss = 0.62094
#59: train loss = 0.61957; val loss = 0.61929
#60: train loss = 0.61302; val loss = 0.61940
#61: train loss = 0.61104; val loss = 0.61733
#62: train loss = 0.61191; val loss = 0.61633
#63: train loss = 0.61481; val loss = 0.61539
#64: train loss = 0.61345; val loss = 0.61418
#65: train loss = 0.61858; val loss = 0.61338
#66: train loss = 0.60856; val loss = 0.61179
#67: train loss = 0.60514; val loss = 0.61229
#68: train loss = 0.61149; val loss = 0.61195
#69: train loss = 0.60258; val loss = 0.61010
#70: train loss = 0.61495; val loss = 0.60932
#71: train loss = 0.60792; val loss = 0.60848
#72: train loss = 0.60263; val loss = 0.60853
#73: train loss = 0.60545; val loss = 0.60665
#74: train loss = 0.59926; val loss = 0.60603
*** RUN 2 ***
   *Test Loss=0.61508
   *AUC=0.72900
   *BAcc=0.59821
#0: train loss = 0.70361; val loss = 0.69628
#1: train loss = 0.70155; val loss = 0.69163
#2: train loss = 0.69798; val loss = 0.69021
#3: train loss = 0.69633; val loss = 0.68774
#4: train loss = 0.69593; val loss = 0.68557
#5: train loss = 0.69345; val loss = 0.68325
#6: train loss = 0.68930; val loss = 0.68156
#7: train loss = 0.68821; val loss = 0.67980
#8: train loss = 0.68437; val loss = 0.67799
#9: train loss = 0.68520; val loss = 0.67572
#10: train loss = 0.67947; val loss = 0.67367
#11: train loss = 0.67843; val loss = 0.67204
#12: train loss = 0.68013; val loss = 0.67023
#13: train loss = 0.67593; val loss = 0.66923
#14: train loss = 0.67505; val loss = 0.66781
#15: train loss = 0.67317; val loss = 0.66612
#16: train loss = 0.67135; val loss = 0.66469
#17: train loss = 0.67122; val loss = 0.66270
#18: train loss = 0.66735; val loss = 0.66234
#19: train loss = 0.66681; val loss = 0.66124
#20: train loss = 0.66570; val loss = 0.65933
#21: train loss = 0.66463; val loss = 0.65873
#22: train loss = 0.66747; val loss = 0.65584
#23: train loss = 0.65861; val loss = 0.65511
#24: train loss = 0.66094; val loss = 0.65346
#25: train loss = 0.65745; val loss = 0.65243
#26: train loss = 0.65683; val loss = 0.65142
#27: train loss = 0.65398; val loss = 0.65047
#28: train loss = 0.65482; val loss = 0.64899
#29: train loss = 0.65254; val loss = 0.64813
#30: train loss = 0.65111; val loss = 0.64657
#31: train loss = 0.64858; val loss = 0.64475
#32: train loss = 0.64934; val loss = 0.64359
#33: train loss = 0.64753; val loss = 0.64329
#34: train loss = 0.64679; val loss = 0.64109
#35: train loss = 0.64777; val loss = 0.64028
#36: train loss = 0.64380; val loss = 0.63963
#37: train loss = 0.64278; val loss = 0.63766
#38: train loss = 0.63945; val loss = 0.63694
#39: train loss = 0.63853; val loss = 0.63583
#40: train loss = 0.64075; val loss = 0.63449
#41: train loss = 0.64073; val loss = 0.63269
#42: train loss = 0.63786; val loss = 0.63214
#43: train loss = 0.64093; val loss = 0.62999
#44: train loss = 0.63718; val loss = 0.63047
#45: train loss = 0.63585; val loss = 0.62916
#46: train loss = 0.63322; val loss = 0.62847
#47: train loss = 0.63429; val loss = 0.62656
#48: train loss = 0.63265; val loss = 0.62573
#49: train loss = 0.63168; val loss = 0.62471
#50: train loss = 0.62986; val loss = 0.62456
#51: train loss = 0.63219; val loss = 0.62305
#52: train loss = 0.62456; val loss = 0.62258
#53: train loss = 0.62590; val loss = 0.62061
#54: train loss = 0.62878; val loss = 0.61888
#55: train loss = 0.62615; val loss = 0.61858
#56: train loss = 0.62563; val loss = 0.61687
#57: train loss = 0.62152; val loss = 0.61652
#58: train loss = 0.62018; val loss = 0.61505
#59: train loss = 0.61795; val loss = 0.61393
#60: train loss = 0.61561; val loss = 0.61405
#61: train loss = 0.61738; val loss = 0.61246
#62: train loss = 0.61775; val loss = 0.61192
#63: train loss = 0.61648; val loss = 0.61087
#64: train loss = 0.61037; val loss = 0.60924
#65: train loss = 0.60977; val loss = 0.60841
#66: train loss = 0.61491; val loss = 0.60795
#67: train loss = 0.60645; val loss = 0.60687
#68: train loss = 0.61203; val loss = 0.60582
#69: train loss = 0.61144; val loss = 0.60517
#70: train loss = 0.60742; val loss = 0.60379
#71: train loss = 0.60221; val loss = 0.60329
#72: train loss = 0.60795; val loss = 0.60264
#73: train loss = 0.60649; val loss = 0.60126
#74: train loss = 0.60433; val loss = 0.60070
*** RUN 3 ***
   *Test Loss=0.61696
   *AUC=0.73925
   *BAcc=0.66802
#0: train loss = 0.71074; val loss = 0.69978
#1: train loss = 0.70582; val loss = 0.70658
#2: train loss = 0.70382; val loss = 0.70824
#3: train loss = 0.70031; val loss = 0.70680
#4: train loss = 0.69908; val loss = 0.70419
#5: train loss = 0.69613; val loss = 0.70228
*** RUN 4 ***
   *Test Loss=0.69823
   *AUC=0.53285
   *BAcc=0.50000
*** LR =  0.001 ; WD =  0 ; IMG_FTS =  0 ; TAB_FTS =  1  ***
#0: train loss = 0.65513; val loss = 0.65006
#1: train loss = 0.58422; val loss = 0.57888
#2: train loss = 0.57208; val loss = 0.56990
#3: train loss = 0.54063; val loss = 0.58345
#4: train loss = 0.53024; val loss = 0.56832
#5: train loss = 0.50741; val loss = 0.59196
#6: train loss = 0.51422; val loss = 0.57619
#7: train loss = 0.50136; val loss = 0.59557
#8: train loss = 0.49173; val loss = 0.62113
#9: train loss = 0.46320; val loss = 0.59765
*** RUN 0 ***
   *Test Loss=0.57389
   *AUC=0.74726
   *BAcc=0.67573
#0: train loss = 0.64132; val loss = 0.63625
#1: train loss = 0.57334; val loss = 0.56258
#2: train loss = 0.54526; val loss = 0.57047
#3: train loss = 0.53641; val loss = 0.55678
#4: train loss = 0.52490; val loss = 0.55958
#5: train loss = 0.51043; val loss = 0.56599
#6: train loss = 0.50796; val loss = 0.57292
#7: train loss = 0.49969; val loss = 0.58261
#8: train loss = 0.47991; val loss = 0.57011
*** RUN 1 ***
   *Test Loss=0.67136
   *AUC=0.65544
   *BAcc=0.61485
#0: train loss = 0.65589; val loss = 0.65235
#1: train loss = 0.58394; val loss = 0.59636
#2: train loss = 0.56392; val loss = 0.57977
#3: train loss = 0.54471; val loss = 0.58084
#4: train loss = 0.52340; val loss = 0.58628
#5: train loss = 0.52885; val loss = 0.58752
#6: train loss = 0.53354; val loss = 0.57590
#7: train loss = 0.50153; val loss = 0.58746
#8: train loss = 0.49297; val loss = 0.58617
#9: train loss = 0.48023; val loss = 0.60891
#10: train loss = 0.45726; val loss = 0.61393
#11: train loss = 0.45171; val loss = 0.63733
*** RUN 2 ***
   *Test Loss=0.59221
   *AUC=0.74746
   *BAcc=0.68344
#0: train loss = 0.66223; val loss = 0.65256
#1: train loss = 0.59712; val loss = 0.57511
#2: train loss = 0.56489; val loss = 0.55802
#3: train loss = 0.55946; val loss = 0.56149
#4: train loss = 0.54790; val loss = 0.56212
#5: train loss = 0.53414; val loss = 0.56654
#6: train loss = 0.53372; val loss = 0.56225
#7: train loss = 0.52269; val loss = 0.58064
*** RUN 3 ***
   *Test Loss=0.57709
   *AUC=0.76106
   *BAcc=0.69886
#0: train loss = 0.63903; val loss = 0.65103
#1: train loss = 0.58047; val loss = 0.62984
#2: train loss = 0.53753; val loss = 0.63848
#3: train loss = 0.53331; val loss = 0.63263
#4: train loss = 0.49949; val loss = 0.64004
#5: train loss = 0.48356; val loss = 0.64920
#6: train loss = 0.48420; val loss = 0.67256
*** RUN 4 ***
   *Test Loss=0.58683
   *AUC=0.74005
   *BAcc=0.67269
*** LR =  0.0001 ; WD =  0 ; IMG_FTS =  0 ; TAB_FTS =  1  ***
#0: train loss = 0.68343; val loss = 0.68669
#1: train loss = 0.66529; val loss = 0.66950
#2: train loss = 0.65451; val loss = 0.65151
#3: train loss = 0.63993; val loss = 0.63923
#4: train loss = 0.63465; val loss = 0.62789
#5: train loss = 0.62025; val loss = 0.61760
#6: train loss = 0.61372; val loss = 0.60776
#7: train loss = 0.60179; val loss = 0.60225
#8: train loss = 0.59400; val loss = 0.59610
#9: train loss = 0.58342; val loss = 0.59067
#10: train loss = 0.57620; val loss = 0.58944
#11: train loss = 0.57980; val loss = 0.58714
#12: train loss = 0.57225; val loss = 0.58460
#13: train loss = 0.57081; val loss = 0.58386
#14: train loss = 0.57671; val loss = 0.58162
#15: train loss = 0.56858; val loss = 0.58031
#16: train loss = 0.55564; val loss = 0.58172
#17: train loss = 0.55489; val loss = 0.57822
#18: train loss = 0.55758; val loss = 0.58020
#19: train loss = 0.55030; val loss = 0.57903
#20: train loss = 0.53595; val loss = 0.57646
#21: train loss = 0.53990; val loss = 0.57771
#22: train loss = 0.53206; val loss = 0.57725
#23: train loss = 0.53313; val loss = 0.57728
#24: train loss = 0.54262; val loss = 0.57966
#25: train loss = 0.54536; val loss = 0.57920
*** RUN 0 ***
   *Test Loss=0.57900
   *AUC=0.74168
   *BAcc=0.65381
#0: train loss = 0.68511; val loss = 0.68147
#1: train loss = 0.66886; val loss = 0.66009
#2: train loss = 0.65373; val loss = 0.63973
#3: train loss = 0.63753; val loss = 0.62454
#4: train loss = 0.62453; val loss = 0.60922
#5: train loss = 0.61684; val loss = 0.59784
#6: train loss = 0.60371; val loss = 0.58733
#7: train loss = 0.58493; val loss = 0.57720
#8: train loss = 0.57780; val loss = 0.56987
#9: train loss = 0.57764; val loss = 0.56523
#10: train loss = 0.56615; val loss = 0.55943
#11: train loss = 0.56390; val loss = 0.55750
#12: train loss = 0.55079; val loss = 0.55459
#13: train loss = 0.54775; val loss = 0.55298
#14: train loss = 0.54082; val loss = 0.55277
#15: train loss = 0.54516; val loss = 0.55126
#16: train loss = 0.54012; val loss = 0.55195
#17: train loss = 0.54146; val loss = 0.54919
#18: train loss = 0.54891; val loss = 0.54862
#19: train loss = 0.53985; val loss = 0.55010
#20: train loss = 0.52914; val loss = 0.54738
#21: train loss = 0.53181; val loss = 0.54728
#22: train loss = 0.52071; val loss = 0.54680
#23: train loss = 0.52413; val loss = 0.54796
#24: train loss = 0.51691; val loss = 0.54787
#25: train loss = 0.51049; val loss = 0.54869
#26: train loss = 0.52455; val loss = 0.54916
#27: train loss = 0.51334; val loss = 0.54556
#28: train loss = 0.50823; val loss = 0.54621
#29: train loss = 0.50995; val loss = 0.54768
#30: train loss = 0.51164; val loss = 0.54895
#31: train loss = 0.50147; val loss = 0.54652
#32: train loss = 0.50319; val loss = 0.54505
#33: train loss = 0.50854; val loss = 0.54642
#34: train loss = 0.50595; val loss = 0.54829
#35: train loss = 0.50662; val loss = 0.54953
#36: train loss = 0.49723; val loss = 0.54879
#37: train loss = 0.49125; val loss = 0.54776
*** RUN 1 ***
   *Test Loss=0.65846
   *AUC=0.68476
   *BAcc=0.60552
#0: train loss = 0.68270; val loss = 0.68357
#1: train loss = 0.67045; val loss = 0.66991
#2: train loss = 0.66035; val loss = 0.65636
#3: train loss = 0.64659; val loss = 0.64613
#4: train loss = 0.63220; val loss = 0.63475
#5: train loss = 0.61827; val loss = 0.62466
#6: train loss = 0.60994; val loss = 0.61731
#7: train loss = 0.60303; val loss = 0.60857
#8: train loss = 0.58379; val loss = 0.60410
#9: train loss = 0.58647; val loss = 0.60054
#10: train loss = 0.57084; val loss = 0.60021
#11: train loss = 0.56829; val loss = 0.59821
#12: train loss = 0.56552; val loss = 0.59428
#13: train loss = 0.56233; val loss = 0.59146
#14: train loss = 0.55304; val loss = 0.59197
#15: train loss = 0.54773; val loss = 0.59051
#16: train loss = 0.55078; val loss = 0.58939
#17: train loss = 0.55451; val loss = 0.58916
#18: train loss = 0.54376; val loss = 0.58736
#19: train loss = 0.53266; val loss = 0.58863
#20: train loss = 0.52697; val loss = 0.58764
#21: train loss = 0.53737; val loss = 0.58681
#22: train loss = 0.54244; val loss = 0.58780
#23: train loss = 0.52401; val loss = 0.58328
#24: train loss = 0.52248; val loss = 0.58482
#25: train loss = 0.52600; val loss = 0.58726
#26: train loss = 0.51821; val loss = 0.58575
#27: train loss = 0.51819; val loss = 0.58655
#28: train loss = 0.50566; val loss = 0.58618
*** RUN 2 ***
   *Test Loss=0.58236
   *AUC=0.76065
   *BAcc=0.70008
#0: train loss = 0.69050; val loss = 0.68905
#1: train loss = 0.67085; val loss = 0.66593
#2: train loss = 0.65697; val loss = 0.64257
#3: train loss = 0.64346; val loss = 0.62882
#4: train loss = 0.63846; val loss = 0.61668
#5: train loss = 0.62172; val loss = 0.60672
#6: train loss = 0.61027; val loss = 0.59590
#7: train loss = 0.60619; val loss = 0.58898
#8: train loss = 0.59822; val loss = 0.58119
#9: train loss = 0.58611; val loss = 0.57678
#10: train loss = 0.58667; val loss = 0.57305
#11: train loss = 0.56962; val loss = 0.57044
#12: train loss = 0.58153; val loss = 0.56821
#13: train loss = 0.56300; val loss = 0.56697
#14: train loss = 0.56696; val loss = 0.56448
#15: train loss = 0.56209; val loss = 0.56204
#16: train loss = 0.55989; val loss = 0.56148
#17: train loss = 0.54990; val loss = 0.56044
#18: train loss = 0.54980; val loss = 0.55655
#19: train loss = 0.54494; val loss = 0.55564
#20: train loss = 0.53789; val loss = 0.55466
#21: train loss = 0.54663; val loss = 0.55744
#22: train loss = 0.54381; val loss = 0.55596
#23: train loss = 0.54112; val loss = 0.55710
#24: train loss = 0.53157; val loss = 0.55473
#25: train loss = 0.53058; val loss = 0.55581
*** RUN 3 ***
   *Test Loss=0.57042
   *AUC=0.77242
   *BAcc=0.71591
#0: train loss = 0.70143; val loss = 0.69694
#1: train loss = 0.67661; val loss = 0.67462
#2: train loss = 0.65897; val loss = 0.65882
#3: train loss = 0.64616; val loss = 0.64794
#4: train loss = 0.63413; val loss = 0.64161
#5: train loss = 0.62072; val loss = 0.63453
#6: train loss = 0.61119; val loss = 0.63086
#7: train loss = 0.59569; val loss = 0.62558
#8: train loss = 0.59385; val loss = 0.62146
#9: train loss = 0.58420; val loss = 0.62169
#10: train loss = 0.57184; val loss = 0.62020
#11: train loss = 0.57098; val loss = 0.61971
#12: train loss = 0.55988; val loss = 0.61836
#13: train loss = 0.55739; val loss = 0.62026
#14: train loss = 0.54989; val loss = 0.62079
#15: train loss = 0.55091; val loss = 0.61905
#16: train loss = 0.54047; val loss = 0.62132
#17: train loss = 0.54465; val loss = 0.62352
*** RUN 4 ***
   *Test Loss=0.57512
   *AUC=0.76536
   *BAcc=0.69638
*** LR =  1e-05 ; WD =  0 ; IMG_FTS =  0 ; TAB_FTS =  1  ***
#0: train loss = 0.68704; val loss = 0.69132
#1: train loss = 0.68303; val loss = 0.68961
#2: train loss = 0.68099; val loss = 0.68788
#3: train loss = 0.67832; val loss = 0.68584
#4: train loss = 0.68198; val loss = 0.68421
#5: train loss = 0.68028; val loss = 0.68285
#6: train loss = 0.67940; val loss = 0.68100
#7: train loss = 0.67600; val loss = 0.67937
#8: train loss = 0.67530; val loss = 0.67816
#9: train loss = 0.67333; val loss = 0.67603
#10: train loss = 0.67140; val loss = 0.67486
#11: train loss = 0.66893; val loss = 0.67321
#12: train loss = 0.66833; val loss = 0.67202
#13: train loss = 0.66612; val loss = 0.67100
#14: train loss = 0.66869; val loss = 0.66876
#15: train loss = 0.66717; val loss = 0.66705
#16: train loss = 0.66230; val loss = 0.66647
#17: train loss = 0.66016; val loss = 0.66460
#18: train loss = 0.66295; val loss = 0.66415
#19: train loss = 0.66038; val loss = 0.66233
#20: train loss = 0.65891; val loss = 0.66058
#21: train loss = 0.65599; val loss = 0.66041
#22: train loss = 0.65262; val loss = 0.65884
#23: train loss = 0.65485; val loss = 0.65696
#24: train loss = 0.65286; val loss = 0.65505
#25: train loss = 0.65504; val loss = 0.65509
#26: train loss = 0.65412; val loss = 0.65368
#27: train loss = 0.65147; val loss = 0.65233
#28: train loss = 0.64782; val loss = 0.65104
#29: train loss = 0.65018; val loss = 0.64916
#30: train loss = 0.64904; val loss = 0.64765
#31: train loss = 0.64565; val loss = 0.64667
#32: train loss = 0.64553; val loss = 0.64606
#33: train loss = 0.64548; val loss = 0.64422
#34: train loss = 0.64462; val loss = 0.64347
#35: train loss = 0.64224; val loss = 0.64253
#36: train loss = 0.64107; val loss = 0.64236
#37: train loss = 0.63975; val loss = 0.64035
#38: train loss = 0.64011; val loss = 0.63866
#39: train loss = 0.63383; val loss = 0.63732
#40: train loss = 0.63603; val loss = 0.63584
#41: train loss = 0.63421; val loss = 0.63492
#42: train loss = 0.63731; val loss = 0.63394
#43: train loss = 0.63385; val loss = 0.63406
#44: train loss = 0.63238; val loss = 0.63202
#45: train loss = 0.62795; val loss = 0.63147
#46: train loss = 0.62713; val loss = 0.63034
#47: train loss = 0.62798; val loss = 0.62914
#48: train loss = 0.62869; val loss = 0.62935
#49: train loss = 0.62496; val loss = 0.62761
#50: train loss = 0.62545; val loss = 0.62639
#51: train loss = 0.62378; val loss = 0.62523
#52: train loss = 0.62226; val loss = 0.62490
#53: train loss = 0.62115; val loss = 0.62271
#54: train loss = 0.62053; val loss = 0.62238
#55: train loss = 0.62299; val loss = 0.62070
#56: train loss = 0.61709; val loss = 0.62051
#57: train loss = 0.62076; val loss = 0.61862
#58: train loss = 0.61415; val loss = 0.61821
#59: train loss = 0.61346; val loss = 0.61818
#60: train loss = 0.61631; val loss = 0.61688
#61: train loss = 0.61171; val loss = 0.61556
#62: train loss = 0.61161; val loss = 0.61460
#63: train loss = 0.60671; val loss = 0.61386
#64: train loss = 0.61039; val loss = 0.61267
#65: train loss = 0.61530; val loss = 0.61165
#66: train loss = 0.60515; val loss = 0.61079
#67: train loss = 0.60283; val loss = 0.61074
#68: train loss = 0.60829; val loss = 0.61056
#69: train loss = 0.60602; val loss = 0.60980
#70: train loss = 0.60617; val loss = 0.60928
#71: train loss = 0.61017; val loss = 0.60744
#72: train loss = 0.60392; val loss = 0.60607
#73: train loss = 0.60921; val loss = 0.60589
#74: train loss = 0.59678; val loss = 0.60455
*** RUN 0 ***
   *Test Loss=0.60799
   *AUC=0.72494
   *BAcc=0.62865
#0: train loss = 0.69652; val loss = 0.69217
#1: train loss = 0.69278; val loss = 0.69122
#2: train loss = 0.69182; val loss = 0.68924
#3: train loss = 0.68946; val loss = 0.68713
#4: train loss = 0.68844; val loss = 0.68608
#5: train loss = 0.68466; val loss = 0.68402
#6: train loss = 0.68625; val loss = 0.68254
#7: train loss = 0.68398; val loss = 0.68087
#8: train loss = 0.68115; val loss = 0.67881
#9: train loss = 0.68296; val loss = 0.67805
#10: train loss = 0.68152; val loss = 0.67568
#11: train loss = 0.67903; val loss = 0.67402
#12: train loss = 0.67968; val loss = 0.67298
#13: train loss = 0.67757; val loss = 0.67103
#14: train loss = 0.67328; val loss = 0.66935
#15: train loss = 0.67044; val loss = 0.66817
#16: train loss = 0.67087; val loss = 0.66658
#17: train loss = 0.67073; val loss = 0.66487
#18: train loss = 0.66721; val loss = 0.66417
#19: train loss = 0.66720; val loss = 0.66231
#20: train loss = 0.66740; val loss = 0.66076
#21: train loss = 0.66404; val loss = 0.65851
#22: train loss = 0.66215; val loss = 0.65768
#23: train loss = 0.66272; val loss = 0.65680
#24: train loss = 0.66204; val loss = 0.65412
#25: train loss = 0.65722; val loss = 0.65319
#26: train loss = 0.65765; val loss = 0.65125
#27: train loss = 0.65924; val loss = 0.64985
#28: train loss = 0.65360; val loss = 0.64905
#29: train loss = 0.65247; val loss = 0.64750
#30: train loss = 0.65140; val loss = 0.64550
#31: train loss = 0.64921; val loss = 0.64470
#32: train loss = 0.65224; val loss = 0.64301
#33: train loss = 0.65003; val loss = 0.64253
#34: train loss = 0.64370; val loss = 0.63985
#35: train loss = 0.65053; val loss = 0.63924
#36: train loss = 0.64671; val loss = 0.63797
#37: train loss = 0.64248; val loss = 0.63677
#38: train loss = 0.64303; val loss = 0.63548
#39: train loss = 0.63921; val loss = 0.63321
#40: train loss = 0.64104; val loss = 0.63199
#41: train loss = 0.63427; val loss = 0.63073
#42: train loss = 0.63962; val loss = 0.62936
#43: train loss = 0.63506; val loss = 0.62728
#44: train loss = 0.63424; val loss = 0.62706
#45: train loss = 0.63698; val loss = 0.62590
#46: train loss = 0.62692; val loss = 0.62365
#47: train loss = 0.62826; val loss = 0.62292
#48: train loss = 0.62695; val loss = 0.62116
#49: train loss = 0.62806; val loss = 0.61920
#50: train loss = 0.62720; val loss = 0.61925
#51: train loss = 0.62139; val loss = 0.61750
#52: train loss = 0.62274; val loss = 0.61683
#53: train loss = 0.62075; val loss = 0.61574
#54: train loss = 0.61877; val loss = 0.61406
#55: train loss = 0.61860; val loss = 0.61292
#56: train loss = 0.61748; val loss = 0.61266
#57: train loss = 0.61690; val loss = 0.61116
#58: train loss = 0.61359; val loss = 0.60902
#59: train loss = 0.61481; val loss = 0.60972
#60: train loss = 0.61468; val loss = 0.60831
#61: train loss = 0.61282; val loss = 0.60653
#62: train loss = 0.61067; val loss = 0.60523
#63: train loss = 0.60713; val loss = 0.60422
#64: train loss = 0.60559; val loss = 0.60261
#65: train loss = 0.60623; val loss = 0.60246
#66: train loss = 0.60789; val loss = 0.60117
#67: train loss = 0.60270; val loss = 0.60028
#68: train loss = 0.60505; val loss = 0.59876
#69: train loss = 0.60392; val loss = 0.59828
#70: train loss = 0.60112; val loss = 0.59600
#71: train loss = 0.60050; val loss = 0.59536
#72: train loss = 0.59872; val loss = 0.59475
#73: train loss = 0.59492; val loss = 0.59387
#74: train loss = 0.59635; val loss = 0.59398
*** RUN 1 ***
   *Test Loss=0.64588
   *AUC=0.66640
   *BAcc=0.59213
#0: train loss = 0.70440; val loss = 0.68842
#1: train loss = 0.69995; val loss = 0.69048
#2: train loss = 0.69459; val loss = 0.69214
#3: train loss = 0.69638; val loss = 0.69087
#4: train loss = 0.69443; val loss = 0.68888
#5: train loss = 0.69005; val loss = 0.68727
#6: train loss = 0.68867; val loss = 0.68538
#7: train loss = 0.68680; val loss = 0.68379
#8: train loss = 0.68876; val loss = 0.68250
#9: train loss = 0.68470; val loss = 0.68077
#10: train loss = 0.68179; val loss = 0.67902
#11: train loss = 0.67978; val loss = 0.67733
#12: train loss = 0.68073; val loss = 0.67611
#13: train loss = 0.67822; val loss = 0.67465
#14: train loss = 0.67830; val loss = 0.67334
#15: train loss = 0.67519; val loss = 0.67166
#16: train loss = 0.67333; val loss = 0.67057
#17: train loss = 0.67369; val loss = 0.66880
#18: train loss = 0.67049; val loss = 0.66785
#19: train loss = 0.67124; val loss = 0.66635
#20: train loss = 0.66588; val loss = 0.66490
#21: train loss = 0.66617; val loss = 0.66390
#22: train loss = 0.66622; val loss = 0.66258
#23: train loss = 0.66522; val loss = 0.66111
#24: train loss = 0.66230; val loss = 0.65970
#25: train loss = 0.66338; val loss = 0.65895
#26: train loss = 0.66104; val loss = 0.65754
#27: train loss = 0.65832; val loss = 0.65612
#28: train loss = 0.65953; val loss = 0.65511
#29: train loss = 0.65658; val loss = 0.65346
#30: train loss = 0.65419; val loss = 0.65221
#31: train loss = 0.65658; val loss = 0.65071
#32: train loss = 0.65224; val loss = 0.64974
#33: train loss = 0.65294; val loss = 0.64826
#34: train loss = 0.65021; val loss = 0.64753
#35: train loss = 0.64865; val loss = 0.64635
#36: train loss = 0.64638; val loss = 0.64504
#37: train loss = 0.64740; val loss = 0.64411
#38: train loss = 0.64197; val loss = 0.64278
#39: train loss = 0.64662; val loss = 0.64063
#40: train loss = 0.63989; val loss = 0.64028
#41: train loss = 0.63894; val loss = 0.63894
#42: train loss = 0.63924; val loss = 0.63809
#43: train loss = 0.64206; val loss = 0.63671
#44: train loss = 0.63642; val loss = 0.63526
#45: train loss = 0.63355; val loss = 0.63416
#46: train loss = 0.63525; val loss = 0.63355
#47: train loss = 0.63483; val loss = 0.63272
#48: train loss = 0.63364; val loss = 0.63137
#49: train loss = 0.62870; val loss = 0.63075
#50: train loss = 0.63020; val loss = 0.62857
#51: train loss = 0.62660; val loss = 0.62854
#52: train loss = 0.62804; val loss = 0.62687
#53: train loss = 0.62758; val loss = 0.62622
#54: train loss = 0.62426; val loss = 0.62493
#55: train loss = 0.62334; val loss = 0.62395
#56: train loss = 0.62240; val loss = 0.62321
#57: train loss = 0.62227; val loss = 0.62152
#58: train loss = 0.61982; val loss = 0.62091
#59: train loss = 0.61953; val loss = 0.61925
#60: train loss = 0.61297; val loss = 0.61936
#61: train loss = 0.61099; val loss = 0.61729
#62: train loss = 0.61186; val loss = 0.61629
#63: train loss = 0.61476; val loss = 0.61535
#64: train loss = 0.61341; val loss = 0.61415
#65: train loss = 0.61854; val loss = 0.61334
#66: train loss = 0.60850; val loss = 0.61176
#67: train loss = 0.60509; val loss = 0.61225
#68: train loss = 0.61145; val loss = 0.61192
#69: train loss = 0.60253; val loss = 0.61007
#70: train loss = 0.61491; val loss = 0.60929
#71: train loss = 0.60787; val loss = 0.60845
#72: train loss = 0.60258; val loss = 0.60850
#73: train loss = 0.60540; val loss = 0.60662
#74: train loss = 0.59921; val loss = 0.60601
*** RUN 2 ***
   *Test Loss=0.61505
   *AUC=0.72900
   *BAcc=0.59821
#0: train loss = 0.70361; val loss = 0.69628
#1: train loss = 0.70155; val loss = 0.69163
#2: train loss = 0.69798; val loss = 0.69022
#3: train loss = 0.69633; val loss = 0.68775
#4: train loss = 0.69593; val loss = 0.68558
#5: train loss = 0.69345; val loss = 0.68325
#6: train loss = 0.68930; val loss = 0.68156
#7: train loss = 0.68821; val loss = 0.67980
#8: train loss = 0.68437; val loss = 0.67800
#9: train loss = 0.68520; val loss = 0.67573
#10: train loss = 0.67946; val loss = 0.67368
#11: train loss = 0.67842; val loss = 0.67204
#12: train loss = 0.68012; val loss = 0.67024
#13: train loss = 0.67592; val loss = 0.66923
#14: train loss = 0.67505; val loss = 0.66781
#15: train loss = 0.67316; val loss = 0.66612
#16: train loss = 0.67134; val loss = 0.66469
#17: train loss = 0.67122; val loss = 0.66270
#18: train loss = 0.66734; val loss = 0.66234
#19: train loss = 0.66680; val loss = 0.66123
#20: train loss = 0.66569; val loss = 0.65933
#21: train loss = 0.66462; val loss = 0.65873
#22: train loss = 0.66747; val loss = 0.65584
#23: train loss = 0.65860; val loss = 0.65511
#24: train loss = 0.66093; val loss = 0.65346
#25: train loss = 0.65744; val loss = 0.65242
#26: train loss = 0.65682; val loss = 0.65141
#27: train loss = 0.65397; val loss = 0.65047
#28: train loss = 0.65481; val loss = 0.64898
#29: train loss = 0.65253; val loss = 0.64813
#30: train loss = 0.65109; val loss = 0.64657
#31: train loss = 0.64857; val loss = 0.64474
#32: train loss = 0.64933; val loss = 0.64358
#33: train loss = 0.64752; val loss = 0.64328
#34: train loss = 0.64678; val loss = 0.64108
#35: train loss = 0.64776; val loss = 0.64028
#36: train loss = 0.64379; val loss = 0.63962
#37: train loss = 0.64276; val loss = 0.63764
#38: train loss = 0.63943; val loss = 0.63693
#39: train loss = 0.63851; val loss = 0.63581
#40: train loss = 0.64073; val loss = 0.63447
#41: train loss = 0.64071; val loss = 0.63268
#42: train loss = 0.63783; val loss = 0.63213
#43: train loss = 0.64091; val loss = 0.62997
#44: train loss = 0.63716; val loss = 0.63045
#45: train loss = 0.63583; val loss = 0.62914
#46: train loss = 0.63319; val loss = 0.62845
#47: train loss = 0.63426; val loss = 0.62654
#48: train loss = 0.63263; val loss = 0.62571
#49: train loss = 0.63166; val loss = 0.62469
#50: train loss = 0.62984; val loss = 0.62455
#51: train loss = 0.63216; val loss = 0.62303
#52: train loss = 0.62454; val loss = 0.62256
#53: train loss = 0.62587; val loss = 0.62058
#54: train loss = 0.62876; val loss = 0.61886
#55: train loss = 0.62613; val loss = 0.61856
#56: train loss = 0.62561; val loss = 0.61685
#57: train loss = 0.62149; val loss = 0.61650
#58: train loss = 0.62015; val loss = 0.61503
#59: train loss = 0.61792; val loss = 0.61390
#60: train loss = 0.61557; val loss = 0.61402
#61: train loss = 0.61735; val loss = 0.61243
#62: train loss = 0.61771; val loss = 0.61189
#63: train loss = 0.61645; val loss = 0.61084
#64: train loss = 0.61033; val loss = 0.60921
#65: train loss = 0.60973; val loss = 0.60838
#66: train loss = 0.61488; val loss = 0.60792
#67: train loss = 0.60641; val loss = 0.60684
#68: train loss = 0.61199; val loss = 0.60579
#69: train loss = 0.61141; val loss = 0.60514
#70: train loss = 0.60739; val loss = 0.60376
#71: train loss = 0.60217; val loss = 0.60326
#72: train loss = 0.60791; val loss = 0.60261
#73: train loss = 0.60645; val loss = 0.60122
#74: train loss = 0.60429; val loss = 0.60067
*** RUN 3 ***
   *Test Loss=0.61694
   *AUC=0.73935
   *BAcc=0.66802
#0: train loss = 0.71074; val loss = 0.69977
#1: train loss = 0.70582; val loss = 0.70658
#2: train loss = 0.70382; val loss = 0.70823
#3: train loss = 0.70031; val loss = 0.70680
#4: train loss = 0.69908; val loss = 0.70418
#5: train loss = 0.69613; val loss = 0.70227
*** RUN 4 ***
   *Test Loss=0.69823
   *AUC=0.53285
   *BAcc=0.50000
************************** RESULTS **************************

BEST PARAMETERS: 
  -> LR: 0.0001
  -> WD: 0.001
  -> Z_img: 0.0
  -> Z_tab: 1.0
AVERAGE METRICS ACROSS FOLDS:
  -> Loss: 0.59283
  -> AUROC: 0.74532
  -> BAcc: 0.67637
BEST FOLD: 3



************************** 5 folds from best Hyper Parameters **************************

Model no.  0
* Loss:  0.5790751937031746
* AUROC:  0.7419845779220778
* BAcc:  0.6594967532467533

Model no.  1
* Loss:  0.6577241291466634
* AUROC:  0.6838474025974026
* BAcc:  0.6055194805194806

Model no.  2
* Loss:  0.5819084400124848
* AUROC:  0.7616680194805195
* BAcc:  0.7000811688311688

Model no.  3
* Loss:  0.5701019570697099
* AUROC:  0.7732345779220778
* BAcc:  0.7203733766233766

Model no.  4
* Loss:  0.5753274579904973
* AUROC:  0.7658669905860918
* BAcc:  0.6963761514323312

